
 ⛅️ wrangler 4.118.0
────────────────────
Successfully created tail, expires at 2026-08-05T02:32:49Z
Connected to software-mama, waiting for logs...
GET https://software-mama.nicogauchat2.workers.dev/auth/status - Ok @ 4/8/2026, 05:46:10
GET https://software-mama.nicogauchat2.workers.dev/api/v1/schools - Ok @ 4/8/2026, 05:46:10
  (error) LibsqlError: HTTP error! status: 400
GET https://software-mama.nicogauchat2.workers.dev/api/v1/students - Ok @ 4/8/2026, 05:46:10
  (error) LibsqlError: HTTP error! status: 400
GET https://software-mama.nicogauchat2.workers.dev/api/v1/lessons?date=2026-08-04 - Ok @ 4/8/2026, 05:46:10
  (error) LibsqlError: HTTP error! status: 400
GET https://software-mama.nicogauchat2.workers.dev/api/v1/students - Ok @ 4/8/2026, 05:50:06
  (error) LibsqlError: HTTP error! status: 400
GET https://software-mama.nicogauchat2.workers.dev/api/v1/lessons?date=2026-08-04 - Ok @ 4/8/2026, 05:50:06
  (error) LibsqlError: HTTP error! status: 400
GET https://software-mama.nicogauchat2.workers.dev/auth/status - Ok @ 4/8/2026, 05:50:06
GET https://software-mama.nicogauchat2.workers.dev/api/v1/schools - Ok @ 4/8/2026, 05:50:06
  (error) LibsqlError: HTTP error! status: 400
GET https://software-mama.nicogauchat2.workers.dev/auth/status - Ok @ 4/8/2026, 05:51:37
GET https://software-mama.nicogauchat2.workers.dev/api/v1/schools - Ok @ 4/8/2026, 05:51:37
  (error) LibsqlError: HTTP error! status: 400
GET https://software-mama.nicogauchat2.workers.dev/api/v1/students - Ok @ 4/8/2026, 05:51:37
  (error) LibsqlError: HTTP error! status: 400
GET https://software-mama.nicogauchat2.workers.dev/api/v1/lessons?date=2026-08-04 - Ok @ 4/8/2026, 05:51:37
  (error) LibsqlError: HTTP error! status: 400
GET https://software-mama.nicogauchat2.workers.dev/auth/status - Ok @ 4/8/2026, 05:51:39
GET https://software-mama.nicogauchat2.workers.dev/api/v1/students - Ok @ 4/8/2026, 05:51:39
  (error) LibsqlError: HTTP error! status: 400
GET https://software-mama.nicogauchat2.workers.dev/api/v1/lessons?date=2026-08-04 - Ok @ 4/8/2026, 05:51:39
  (error) LibsqlError: HTTP error! status: 400
GET https://software-mama.nicogauchat2.workers.dev/api/v1/schools - Ok @ 4/8/2026, 05:51:39
  (error) LibsqlError: HTTP error! status: 400
GET https://software-mama.nicogauchat2.workers.dev/auth/status - Ok @ 4/8/2026, 05:51:40
GET https://software-mama.nicogauchat2.workers.dev/api/v1/lessons?date=2026-08-04 - Ok @ 4/8/2026, 05:51:40
  (error) LibsqlError: HTTP error! status: 400
GET https://software-mama.nicogauchat2.workers.dev/api/v1/schools - Ok @ 4/8/2026, 05:51:40
  (error) LibsqlError: HTTP error! status: 400
GET https://software-mama.nicogauchat2.workers.dev/api/v1/students - Ok @ 4/8/2026, 05:51:40
  (error) LibsqlError: HTTP error! status: 400
GET https://software-mama.nicogauchat2.workers.dev/auth/status - Ok @ 4/8/2026, 05:51:41
GET https://software-mama.nicogauchat2.workers.dev/api/v1/students - Ok @ 4/8/2026, 05:51:41
  (error) LibsqlError: HTTP error! status: 400
GET https://software-mama.nicogauchat2.workers.dev/api/v1/schools - Ok @ 4/8/2026, 05:51:41
  (error) LibsqlError: HTTP error! status: 400
GET https://software-mama.nicogauchat2.workers.dev/api/v1/lessons?date=2026-08-04 - Ok @ 4/8/2026, 05:51:41
  (error) LibsqlError: HTTP error! status: 400
GET https://software-mama.nicogauchat2.workers.dev/auth/status - Ok @ 4/8/2026, 05:51:42
GET https://software-mama.nicogauchat2.workers.dev/api/v1/students - Ok @ 4/8/2026, 05:51:42
  (error) LibsqlError: HTTP error! status: 400
GET https://software-mama.nicogauchat2.workers.dev/api/v1/lessons?date=2026-08-04 - Ok @ 4/8/2026, 05:51:42
  (error) LibsqlError: HTTP error! status: 400
GET https://software-mama.nicogauchat2.workers.dev/api/v1/schools - Ok @ 4/8/2026, 05:51:42
  (error) LibsqlError: HTTP error! status: 400
GET https://software-mama.nicogauchat2.workers.dev/auth/status - Ok @ 4/8/2026, 05:51:59
GET https://software-mama.nicogauchat2.workers.dev/api/v1/schools - Ok @ 4/8/2026, 05:51:59
  (error) LibsqlError: HTTP error! status: 404
GET https://software-mama.nicogauchat2.workers.dev/api/v1/lessons?date=2026-08-04 - Ok @ 4/8/2026, 05:51:59
  (error) LibsqlError: HTTP error! status: 404
GET https://software-mama.nicogauchat2.workers.dev/api/v1/students - Ok @ 4/8/2026, 05:51:59
  (error) LibsqlError: HTTP error! status: 404
GET https://software-mama.nicogauchat2.workers.dev/auth/status - Ok @ 4/8/2026, 05:52:20
GET https://software-mama.nicogauchat2.workers.dev/api/v1/students - Ok @ 4/8/2026, 05:52:20
  (error) LibsqlError: HTTP error! status: 404
GET https://software-mama.nicogauchat2.workers.dev/api/v1/lessons?date=2026-08-04 - Ok @ 4/8/2026, 05:52:20
  (error) LibsqlError: HTTP error! status: 404
GET https://software-mama.nicogauchat2.workers.dev/api/v1/schools - Ok @ 4/8/2026, 05:52:20
  (error) LibsqlError: HTTP error! status: 404
GET https://software-mama.nicogauchat2.workers.dev/auth/status - Ok @ 4/8/2026, 05:56:15
GET https://software-mama.nicogauchat2.workers.dev/api/v1/schools - Ok @ 4/8/2026, 05:56:15
  (error) LibsqlError: HTTP error! status: 404
GET https://software-mama.nicogauchat2.workers.dev/api/v1/students - Ok @ 4/8/2026, 05:56:15
  (error) LibsqlError: HTTP error! status: 404
GET https://software-mama.nicogauchat2.workers.dev/api/v1/lessons?date=2026-08-04 - Ok @ 4/8/2026, 05:56:15
  (error) LibsqlError: HTTP error! status: 404
GET https://software-mama.nicogauchat2.workers.dev/auth/status - Ok @ 4/8/2026, 05:56:18
GET https://software-mama.nicogauchat2.workers.dev/api/v1/students - Ok @ 4/8/2026, 05:56:18
  (error) LibsqlError: HTTP error! status: 502
GET https://software-mama.nicogauchat2.workers.dev/api/v1/lessons?date=2026-08-04 - Ok @ 4/8/2026, 05:56:18
  (error) LibsqlError: HTTP error! status: 502
GET https://software-mama.nicogauchat2.workers.dev/api/v1/schools - Ok @ 4/8/2026, 05:56:18
  (error) LibsqlError: HTTP error! status: 502
GET https://software-mama.nicogauchat2.workers.dev/auth/status - Ok @ 4/8/2026, 05:56:19
GET https://software-mama.nicogauchat2.workers.dev/api/v1/schools - Ok @ 4/8/2026, 05:56:19
  (error) LibsqlError: HTTP error! status: 502
GET https://software-mama.nicogauchat2.workers.dev/api/v1/students - Ok @ 4/8/2026, 05:56:19
  (error) LibsqlError: HTTP error! status: 502
GET https://software-mama.nicogauchat2.workers.dev/api/v1/lessons?date=2026-08-04 - Ok @ 4/8/2026, 05:56:19
  (error) LibsqlError: HTTP error! status: 502
GET https://software-mama.nicogauchat2.workers.dev/auth/status - Ok @ 4/8/2026, 05:56:20
GET https://software-mama.nicogauchat2.workers.dev/api/v1/schools - Ok @ 4/8/2026, 05:56:20
  (error) LibsqlError: HTTP error! status: 502
GET https://software-mama.nicogauchat2.workers.dev/api/v1/students - Ok @ 4/8/2026, 05:56:20
  (error) LibsqlError: HTTP error! status: 502
GET https://software-mama.nicogauchat2.workers.dev/api/v1/lessons?date=2026-08-04 - Ok @ 4/8/2026, 05:56:20
  (error) LibsqlError: HTTP error! status: 502
GET https://software-mama.nicogauchat2.workers.dev/auth/status - Ok @ 4/8/2026, 05:56:36
GET https://software-mama.nicogauchat2.workers.dev/api/v1/lessons?date=2026-08-04 - Ok @ 4/8/2026, 05:56:36
  (error) LibsqlError: HTTP error! status: 404
GET https://software-mama.nicogauchat2.workers.dev/api/v1/students - Ok @ 4/8/2026, 05:56:36
  (error) LibsqlError: HTTP error! status: 404
GET https://software-mama.nicogauchat2.workers.dev/api/v1/schools - Ok @ 4/8/2026, 05:56:36
  (error) LibsqlError: HTTP error! status: 404
Reconnected to software-mama.
GET https://software-mama.nicogauchat2.workers.dev/auth/status - Ok @ 4/8/2026, 06:03:09
GET https://software-mama.nicogauchat2.workers.dev/api/v1/lessons?date=2026-08-04 - Ok @ 4/8/2026, 06:03:09
  (error) LibsqlError: HTTP error! status: 404
GET https://software-mama.nicogauchat2.workers.dev/api/v1/schools - Ok @ 4/8/2026, 06:03:09
  (error) LibsqlError: HTTP error! status: 404
GET https://software-mama.nicogauchat2.workers.dev/api/v1/students - Ok @ 4/8/2026, 06:03:09
  (error) LibsqlError: HTTP error! status: 404
GET https://software-mama.nicogauchat2.workers.dev/auth/status - Ok @ 4/8/2026, 06:03:19
GET https://software-mama.nicogauchat2.workers.dev/api/v1/students - Ok @ 4/8/2026, 06:03:19
  (error) LibsqlError: HTTP error! status: 404
GET https://software-mama.nicogauchat2.workers.dev/api/v1/schools - Ok @ 4/8/2026, 06:03:19
  (error) LibsqlError: HTTP error! status: 404
GET https://software-mama.nicogauchat2.workers.dev/api/v1/lessons?date=2026-08-04 - Ok @ 4/8/2026, 06:03:19
  (error) LibsqlError: HTTP error! status: 404
GET https://software-mama.nicogauchat2.workers.dev/auth/status - Ok @ 4/8/2026, 06:05:22
GET https://software-mama.nicogauchat2.workers.dev/api/v1/schools - Ok @ 4/8/2026, 06:05:22
GET https://software-mama.nicogauchat2.workers.dev/api/v1/lessons?date=2026-08-04 - Ok @ 4/8/2026, 06:05:22
GET https://software-mama.nicogauchat2.workers.dev/api/v1/students - Ok @ 4/8/2026, 06:05:22
GET https://software-mama.nicogauchat2.workers.dev/health - Ok @ 4/8/2026, 06:05:30
GET https://software-mama.nicogauchat2.workers.dev/api/v1/lessons?date=2026-08-24 - Ok @ 4/8/2026, 06:05:51
GET https://software-mama.nicogauchat2.workers.dev/api/v1/lessons?date=2026-08-08 - Ok @ 4/8/2026, 06:05:51
GET https://software-mama.nicogauchat2.workers.dev/api/v1/lessons?date=2026-08-06 - Ok @ 4/8/2026, 06:05:51
GET https://software-mama.nicogauchat2.workers.dev/api/v1/lessons?date=2026-08-19 - Ok @ 4/8/2026, 06:05:51
GET https://software-mama.nicogauchat2.workers.dev/api/v1/settings - Ok @ 4/8/2026, 06:05:51
GET https://software-mama.nicogauchat2.workers.dev/api/v1/lessons?date=2026-08-07 - Ok @ 4/8/2026, 06:05:51
GET https://software-mama.nicogauchat2.workers.dev/api/v1/lessons?date=2026-08-02 - Ok @ 4/8/2026, 06:05:51
GET https://software-mama.nicogauchat2.workers.dev/api/v1/lessons?date=2026-08-18 - Ok @ 4/8/2026, 06:05:51
GET https://software-mama.nicogauchat2.workers.dev/api/v1/lessons?date=2026-08-01 - Ok @ 4/8/2026, 06:05:51
GET https://software-mama.nicogauchat2.workers.dev/api/v1/lessons?date=2026-08-25 - Ok @ 4/8/2026, 06:05:51
GET https://software-mama.nicogauchat2.workers.dev/api/v1/lessons?date=2026-08-27 - Ok @ 4/8/2026, 06:05:51
GET https://software-mama.nicogauchat2.workers.dev/api/v1/lessons?date=2026-08-31 - Ok @ 4/8/2026, 06:05:52
GET https://software-mama.nicogauchat2.workers.dev/api/v1/lessons?date=2026-08-28 - Ok @ 4/8/2026, 06:05:52
GET https://software-mama.nicogauchat2.workers.dev/api/v1/lessons?date=2026-08-05 - Ok @ 4/8/2026, 06:05:51
GET https://software-mama.nicogauchat2.workers.dev/api/v1/lessons?date=2026-08-13 - Ok @ 4/8/2026, 06:05:51
GET https://software-mama.nicogauchat2.workers.dev/api/v1/lessons?date=2026-08-21 - Ok @ 4/8/2026, 06:05:51
GET https://software-mama.nicogauchat2.workers.dev/api/v1/lessons?date=2026-08-10 - Ok @ 4/8/2026, 06:05:51
GET https://software-mama.nicogauchat2.workers.dev/api/v1/lessons?date=2026-08-20 - Ok @ 4/8/2026, 06:05:51
GET https://software-mama.nicogauchat2.workers.dev/api/v1/lessons?date=2026-08-11 - Ok @ 4/8/2026, 06:05:51
GET https://software-mama.nicogauchat2.workers.dev/api/v1/lessons?date=2026-08-12 - Ok @ 4/8/2026, 06:05:51
GET https://software-mama.nicogauchat2.workers.dev/api/v1/lessons?date=2026-08-26 - Ok @ 4/8/2026, 06:05:51
GET https://software-mama.nicogauchat2.workers.dev/api/v1/lessons?date=2026-08-29 - Ok @ 4/8/2026, 06:05:52
GET https://software-mama.nicogauchat2.workers.dev/api/v1/lessons?date=2026-08-30 - Ok @ 4/8/2026, 06:05:52
GET https://software-mama.nicogauchat2.workers.dev/api/v1/lessons?date=2026-08-14 - Ok @ 4/8/2026, 06:05:51
GET https://software-mama.nicogauchat2.workers.dev/api/v1/lessons?date=2026-08-09 - Ok @ 4/8/2026, 06:05:51
GET https://software-mama.nicogauchat2.workers.dev/api/v1/lessons?date=2026-08-23 - Ok @ 4/8/2026, 06:05:51
GET https://software-mama.nicogauchat2.workers.dev/api/v1/lessons?date=2026-08-15 - Ok @ 4/8/2026, 06:05:51
GET https://software-mama.nicogauchat2.workers.dev/api/v1/lessons?date=2026-08-17 - Ok @ 4/8/2026, 06:05:51
GET https://software-mama.nicogauchat2.workers.dev/api/v1/lessons?date=2026-08-03 - Ok @ 4/8/2026, 06:05:51
GET https://software-mama.nicogauchat2.workers.dev/api/v1/lessons?date=2026-08-22 - Ok @ 4/8/2026, 06:05:51
GET https://software-mama.nicogauchat2.workers.dev/api/v1/lessons?date=2026-08-16 - Ok @ 4/8/2026, 06:05:51
GET https://software-mama.nicogauchat2.workers.dev/api/v1/lessons?date=2026-08-04 - Ok @ 4/8/2026, 06:05:51
GET https://software-mama.nicogauchat2.workers.dev/api/v1/students - Ok @ 4/8/2026, 06:05:51
GET https://software-mama.nicogauchat2.workers.dev/api/v1/lessons?date=2026-08-04 - Ok @ 4/8/2026, 06:05:58
GET https://software-mama.nicogauchat2.workers.dev/api/v1/students - Ok @ 4/8/2026, 06:05:58
GET https://software-mama.nicogauchat2.workers.dev/api/v1/schools - Ok @ 4/8/2026, 06:05:58
GET https://software-mama.nicogauchat2.workers.dev/auth/status - Ok @ 4/8/2026, 06:07:15
GET https://software-mama.nicogauchat2.workers.dev/api/v1/lessons?date=2026-08-04 - Ok @ 4/8/2026, 06:07:15
GET https://software-mama.nicogauchat2.workers.dev/api/v1/students - Ok @ 4/8/2026, 06:07:15
GET https://software-mama.nicogauchat2.workers.dev/api/v1/schools - Ok @ 4/8/2026, 06:07:15
GET https://software-mama.nicogauchat2.workers.dev/health - Ok @ 4/8/2026, 06:11:33
GET https://software-mama.nicogauchat2.workers.dev/health - Ok @ 4/8/2026, 06:17:20
GET https://software-mama.nicogauchat2.workers.dev/auth/status - Ok @ 4/8/2026, 06:17:52
GET https://software-mama.nicogauchat2.workers.dev/api/v1/lessons?date=2026-08-04 - Ok @ 4/8/2026, 06:17:52
GET https://software-mama.nicogauchat2.workers.dev/api/v1/students - Ok @ 4/8/2026, 06:17:52
GET https://software-mama.nicogauchat2.workers.dev/api/v1/schools - Ok @ 4/8/2026, 06:17:52
GET https://software-mama.nicogauchat2.workers.dev/api/v1/lessons?date=2026-08-07 - Ok @ 4/8/2026, 06:17:54
GET https://software-mama.nicogauchat2.workers.dev/api/v1/lessons?date=2026-08-06 - Ok @ 4/8/2026, 06:17:54
GET https://software-mama.nicogauchat2.workers.dev/api/v1/lessons?date=2026-08-05 - Ok @ 4/8/2026, 06:17:54
GET https://software-mama.nicogauchat2.workers.dev/api/v1/lessons?date=2026-08-08 - Ok @ 4/8/2026, 06:17:54
GET https://software-mama.nicogauchat2.workers.dev/api/v1/lessons?date=2026-08-09 - Ok @ 4/8/2026, 06:17:54
GET https://software-mama.nicogauchat2.workers.dev/api/v1/students - Ok @ 4/8/2026, 06:17:54
GET https://software-mama.nicogauchat2.workers.dev/api/v1/lessons?date=2026-08-03 - Ok @ 4/8/2026, 06:17:54
GET https://software-mama.nicogauchat2.workers.dev/api/v1/lessons?date=2026-08-04 - Ok @ 4/8/2026, 06:17:54
Reconnected to software-mama.
Reconnected to software-mama.
GET https://software-mama.nicogauchat2.workers.dev/api/v1/students - Ok @ 4/8/2026, 07:27:56
  (error) LibsqlError: SERVER_ERROR: Server returned HTTP status 502
GET https://software-mama.nicogauchat2.workers.dev/api/v1/schools - Ok @ 4/8/2026, 07:27:56
  (error) LibsqlError: SERVER_ERROR: Server returned HTTP status 502
GET https://software-mama.nicogauchat2.workers.dev/api/v1/lessons?date=2026-08-04 - Ok @ 4/8/2026, 07:27:56
  (error) LibsqlError: SERVER_ERROR: Server returned HTTP status 502
GET https://software-mama.nicogauchat2.workers.dev/auth/status - Ok @ 4/8/2026, 07:28:07
GET https://software-mama.nicogauchat2.workers.dev/api/v1/schools - Ok @ 4/8/2026, 07:28:07
  (error) LibsqlError: SERVER_ERROR: Server returned HTTP status 502
GET https://software-mama.nicogauchat2.workers.dev/api/v1/students - Ok @ 4/8/2026, 07:28:07
  (error) LibsqlError: SERVER_ERROR: Server returned HTTP status 502
GET https://software-mama.nicogauchat2.workers.dev/api/v1/lessons?date=2026-08-04 - Ok @ 4/8/2026, 07:28:07
  (error) LibsqlError: SERVER_ERROR: Server returned HTTP status 502
GET https://software-mama.nicogauchat2.workers.dev/auth/status - Ok @ 4/8/2026, 07:28:19
GET https://software-mama.nicogauchat2.workers.dev/api/v1/students - Ok @ 4/8/2026, 07:28:19
  (error) LibsqlError: SERVER_ERROR: Server returned HTTP status 502
GET https://software-mama.nicogauchat2.workers.dev/api/v1/schools - Ok @ 4/8/2026, 07:28:19
  (error) LibsqlError: SERVER_ERROR: Server returned HTTP status 502
GET https://software-mama.nicogauchat2.workers.dev/api/v1/lessons?date=2026-08-04 - Ok @ 4/8/2026, 07:28:19
  (error) LibsqlError: SERVER_ERROR: Server returned HTTP status 502
GET https://software-mama.nicogauchat2.workers.dev/auth/status - Ok @ 4/8/2026, 07:29:40
GET https://software-mama.nicogauchat2.workers.dev/api/v1/students - Ok @ 4/8/2026, 07:29:41
  (error) LibsqlError: SERVER_ERROR: Server returned HTTP status 502
GET https://software-mama.nicogauchat2.workers.dev/api/v1/lessons?date=2026-08-04 - Ok @ 4/8/2026, 07:29:41
  (error) LibsqlError: SERVER_ERROR: Server returned HTTP status 502
GET https://software-mama.nicogauchat2.workers.dev/api/v1/schools - Ok @ 4/8/2026, 07:29:40
  (error) LibsqlError: SERVER_ERROR: Server returned HTTP status 502
GET https://software-mama.nicogauchat2.workers.dev/auth/status - Ok @ 4/8/2026, 07:32:25
GET https://software-mama.nicogauchat2.workers.dev/api/v1/lessons?date=2026-08-04 - Ok @ 4/8/2026, 07:32:26
  (error) LibsqlError: SERVER_ERROR: Server returned HTTP status 502
GET https://software-mama.nicogauchat2.workers.dev/api/v1/schools - Ok @ 4/8/2026, 07:32:26
  (error) LibsqlError: SERVER_ERROR: Server returned HTTP status 502
GET https://software-mama.nicogauchat2.workers.dev/api/v1/students - Ok @ 4/8/2026, 07:32:26
  (error) LibsqlError: SERVER_ERROR: Server returned HTTP status 502
GET https://software-mama.nicogauchat2.workers.dev/auth/status - Ok @ 4/8/2026, 07:33:35
GET https://software-mama.nicogauchat2.workers.dev/api/v1/lessons?date=2026-08-04 - Ok @ 4/8/2026, 07:33:35
  (error) LibsqlError: SERVER_ERROR: Server returned HTTP status 502
GET https://software-mama.nicogauchat2.workers.dev/api/v1/students - Ok @ 4/8/2026, 07:33:35
  (error) LibsqlError: SERVER_ERROR: Server returned HTTP status 502
GET https://software-mama.nicogauchat2.workers.dev/api/v1/schools - Ok @ 4/8/2026, 07:33:35
  (error) Database initialization failed at: foreign keys pragma LibsqlError: SERVER_ERROR: Server returned HTTP status 502
  (error) LibsqlError: SERVER_ERROR: Server returned HTTP status 502
GET https://software-mama.nicogauchat2.workers.dev/auth/status - Ok @ 4/8/2026, 07:34:51
GET https://software-mama.nicogauchat2.workers.dev/api/v1/students - Ok @ 4/8/2026, 07:34:51
  (error) Database initialization failed at: foreign keys pragma LibsqlError: SERVER_ERROR: Server returned HTTP status 502
  (error) LibsqlError: SERVER_ERROR: Server returned HTTP status 502
GET https://software-mama.nicogauchat2.workers.dev/api/v1/schools - Ok @ 4/8/2026, 07:34:51
  (error) LibsqlError: SERVER_ERROR: Server returned HTTP status 502
GET https://software-mama.nicogauchat2.workers.dev/api/v1/lessons?date=2026-08-04 - Ok @ 4/8/2026, 07:34:51
  (error) LibsqlError: SERVER_ERROR: Server returned HTTP status 502
GET https://software-mama.nicogauchat2.workers.dev/auth/status - Ok @ 4/8/2026, 07:36:29
GET https://software-mama.nicogauchat2.workers.dev/api/v1/schools - Ok @ 4/8/2026, 07:36:29
  (error) LibsqlError: SERVER_ERROR: Server returned HTTP status 502
GET https://software-mama.nicogauchat2.workers.dev/api/v1/students - Ok @ 4/8/2026, 07:36:29
  (error) LibsqlError: SERVER_ERROR: Server returned HTTP status 502
GET https://software-mama.nicogauchat2.workers.dev/api/v1/lessons?date=2026-08-04 - Ok @ 4/8/2026, 07:36:29
  (error) Database initialization failed at: schema migrations table LibsqlError: SERVER_ERROR: Server returned HTTP status 502
  (error) LibsqlError: SERVER_ERROR: Server returned HTTP status 502
GET https://software-mama.nicogauchat2.workers.dev/api/v1/schools - Ok @ 4/8/2026, 07:38:32
GET https://software-mama.nicogauchat2.workers.dev/health - Ok @ 4/8/2026, 07:38:32
GET https://software-mama.nicogauchat2.workers.dev/api/v1/students - Ok @ 4/8/2026, 07:38:32
GET https://software-mama.nicogauchat2.workers.dev/api/v1/lessons?date=2026-08-04 - Ok @ 4/8/2026, 07:38:32
GET https://software-mama.nicogauchat2.workers.dev/auth/status - Ok @ 4/8/2026, 07:39:12
GET https://software-mama.nicogauchat2.workers.dev/api/v1/lessons?date=2026-08-04 - Ok @ 4/8/2026, 07:39:12
  (error) LibsqlError: SERVER_ERROR: Server returned HTTP status 502
GET https://software-mama.nicogauchat2.workers.dev/api/v1/students - Ok @ 4/8/2026, 07:39:12
  (error) LibsqlError: SERVER_ERROR: Server returned HTTP status 502
GET https://software-mama.nicogauchat2.workers.dev/api/v1/schools - Ok @ 4/8/2026, 07:39:12
  (error) Database initialization failed at: schema migrations table LibsqlError: SERVER_ERROR: Server returned HTTP status 502
  (error) LibsqlError: SERVER_ERROR: Server returned HTTP status 502
GET https://software-mama.nicogauchat2.workers.dev/auth/status - Ok @ 4/8/2026, 07:39:21
GET https://software-mama.nicogauchat2.workers.dev/api/v1/schools - Ok @ 4/8/2026, 07:39:21
  (error) LibsqlError: SERVER_ERROR: Server returned HTTP status 502
GET https://software-mama.nicogauchat2.workers.dev/api/v1/lessons?date=2026-08-04 - Ok @ 4/8/2026, 07:39:21
  (error) Database initialization failed at: schema migrations table LibsqlError: SERVER_ERROR: Server returned HTTP status 502
  (error) LibsqlError: SERVER_ERROR: Server returned HTTP status 502
GET https://software-mama.nicogauchat2.workers.dev/api/v1/students - Ok @ 4/8/2026, 07:39:21
  (error) LibsqlError: SERVER_ERROR: Server returned HTTP status 502
GET https://software-mama.nicogauchat2.workers.dev/auth/status - Ok @ 4/8/2026, 07:40:44
GET https://software-mama.nicogauchat2.workers.dev/api/v1/lessons?date=2026-08-04 - Ok @ 4/8/2026, 07:40:45
  (error) LibsqlError: SERVER_ERROR: Server returned HTTP status 502
GET https://software-mama.nicogauchat2.workers.dev/api/v1/schools - Ok @ 4/8/2026, 07:40:45
  (error) LibsqlError: SERVER_ERROR: Server returned HTTP status 502
GET https://software-mama.nicogauchat2.workers.dev/api/v1/students - Ok @ 4/8/2026, 07:40:45
  (error) LibsqlError: SERVER_ERROR: Server returned HTTP status 502
GET https://software-mama.nicogauchat2.workers.dev/auth/status - Ok @ 4/8/2026, 07:52:06
GET https://software-mama.nicogauchat2.workers.dev/api/v1/lessons?date=2026-08-04 - Ok @ 4/8/2026, 07:52:06
GET https://software-mama.nicogauchat2.workers.dev/api/v1/schools - Ok @ 4/8/2026, 07:52:06
GET https://software-mama.nicogauchat2.workers.dev/api/v1/students - Ok @ 4/8/2026, 07:52:06
GET https://software-mama.nicogauchat2.workers.dev/api/v1/lessons?date=2026-08-08 - Ok @ 4/8/2026, 07:54:23
GET https://software-mama.nicogauchat2.workers.dev/api/v1/lessons?date=2026-08-05 - Ok @ 4/8/2026, 07:54:23
GET https://software-mama.nicogauchat2.workers.dev/api/v1/students - Ok @ 4/8/2026, 07:54:23
GET https://software-mama.nicogauchat2.workers.dev/api/v1/lessons?date=2026-08-03 - Ok @ 4/8/2026, 07:54:23
GET https://software-mama.nicogauchat2.workers.dev/api/v1/lessons?date=2026-08-04 - Ok @ 4/8/2026, 07:54:23
GET https://software-mama.nicogauchat2.workers.dev/api/v1/lessons?date=2026-08-09 - Ok @ 4/8/2026, 07:54:23
GET https://software-mama.nicogauchat2.workers.dev/api/v1/lessons?date=2026-08-07 - Ok @ 4/8/2026, 07:54:23
GET https://software-mama.nicogauchat2.workers.dev/api/v1/lessons?date=2026-08-06 - Ok @ 4/8/2026, 07:54:23
