
 ⛅️ wrangler 4.118.0
────────────────────
Successfully created tail, expires at 2026-08-05T04:21:34Z
Connected to software-mama, waiting for logs...
GET https://software-mama.nicogauchat2.workers.dev/auth/status - Ok @ 4/8/2026, 07:36:29
GET https://software-mama.nicogauchat2.workers.dev/api/v1/schools - Ok @ 4/8/2026, 07:36:29
  (error) LibsqlError: SERVER_ERROR: Server returned HTTP status 502
GET https://software-mama.nicogauchat2.workers.dev/api/v1/students - Ok @ 4/8/2026, 07:36:29
  (error) LibsqlError: SERVER_ERROR: Server returned HTTP status 502
GET https://software-mama.nicogauchat2.workers.dev/api/v1/lessons?date=2026-08-04 - Ok @ 4/8/2026, 07:36:29
  (error) Database initialization failed at: schema migrations table LibsqlError: SERVER_ERROR: Server returned HTTP status 502
  (error) LibsqlError: SERVER_ERROR: Server returned HTTP status 502
GET https://software-mama.nicogauchat2.workers.dev/api/v1/schools - Ok @ 4/8/2026, 07:38:32
GET https://software-mama.nicogauchat2.workers.dev/health - Ok @ 4/8/2026, 07:38:32
GET https://software-mama.nicogauchat2.workers.dev/api/v1/students - Ok @ 4/8/2026, 07:38:32
GET https://software-mama.nicogauchat2.workers.dev/api/v1/lessons?date=2026-08-04 - Ok @ 4/8/2026, 07:38:32
GET https://software-mama.nicogauchat2.workers.dev/auth/status - Ok @ 4/8/2026, 07:39:12
GET https://software-mama.nicogauchat2.workers.dev/api/v1/lessons?date=2026-08-04 - Ok @ 4/8/2026, 07:39:12
  (error) LibsqlError: SERVER_ERROR: Server returned HTTP status 502
GET https://software-mama.nicogauchat2.workers.dev/api/v1/students - Ok @ 4/8/2026, 07:39:12
  (error) LibsqlError: SERVER_ERROR: Server returned HTTP status 502
GET https://software-mama.nicogauchat2.workers.dev/api/v1/schools - Ok @ 4/8/2026, 07:39:12
  (error) Database initialization failed at: schema migrations table LibsqlError: SERVER_ERROR: Server returned HTTP status 502
  (error) LibsqlError: SERVER_ERROR: Server returned HTTP status 502
GET https://software-mama.nicogauchat2.workers.dev/auth/status - Ok @ 4/8/2026, 07:39:21
GET https://software-mama.nicogauchat2.workers.dev/api/v1/schools - Ok @ 4/8/2026, 07:39:21
  (error) LibsqlError: SERVER_ERROR: Server returned HTTP status 502
GET https://software-mama.nicogauchat2.workers.dev/api/v1/lessons?date=2026-08-04 - Ok @ 4/8/2026, 07:39:21
  (error) Database initialization failed at: schema migrations table LibsqlError: SERVER_ERROR: Server returned HTTP status 502
  (error) LibsqlError: SERVER_ERROR: Server returned HTTP status 502
GET https://software-mama.nicogauchat2.workers.dev/api/v1/students - Ok @ 4/8/2026, 07:39:21
  (error) LibsqlError: SERVER_ERROR: Server returned HTTP status 502
GET https://software-mama.nicogauchat2.workers.dev/auth/status - Ok @ 4/8/2026, 07:40:44
GET https://software-mama.nicogauchat2.workers.dev/api/v1/lessons?date=2026-08-04 - Ok @ 4/8/2026, 07:40:45
  (error) LibsqlError: SERVER_ERROR: Server returned HTTP status 502
GET https://software-mama.nicogauchat2.workers.dev/api/v1/schools - Ok @ 4/8/2026, 07:40:45
  (error) LibsqlError: SERVER_ERROR: Server returned HTTP status 502
GET https://software-mama.nicogauchat2.workers.dev/api/v1/students - Ok @ 4/8/2026, 07:40:45
  (error) LibsqlError: SERVER_ERROR: Server returned HTTP status 502
GET https://software-mama.nicogauchat2.workers.dev/auth/status - Ok @ 4/8/2026, 07:52:06
GET https://software-mama.nicogauchat2.workers.dev/api/v1/lessons?date=2026-08-04 - Ok @ 4/8/2026, 07:52:06
GET https://software-mama.nicogauchat2.workers.dev/api/v1/schools - Ok @ 4/8/2026, 07:52:06
GET https://software-mama.nicogauchat2.workers.dev/api/v1/students - Ok @ 4/8/2026, 07:52:06
GET https://software-mama.nicogauchat2.workers.dev/api/v1/lessons?date=2026-08-08 - Ok @ 4/8/2026, 07:54:23
GET https://software-mama.nicogauchat2.workers.dev/api/v1/lessons?date=2026-08-05 - Ok @ 4/8/2026, 07:54:23
GET https://software-mama.nicogauchat2.workers.dev/api/v1/students - Ok @ 4/8/2026, 07:54:23
GET https://software-mama.nicogauchat2.workers.dev/api/v1/lessons?date=2026-08-03 - Ok @ 4/8/2026, 07:54:23
GET https://software-mama.nicogauchat2.workers.dev/api/v1/lessons?date=2026-08-04 - Ok @ 4/8/2026, 07:54:23
GET https://software-mama.nicogauchat2.workers.dev/api/v1/lessons?date=2026-08-09 - Ok @ 4/8/2026, 07:54:23
GET https://software-mama.nicogauchat2.workers.dev/api/v1/lessons?date=2026-08-07 - Ok @ 4/8/2026, 07:54:23
GET https://software-mama.nicogauchat2.workers.dev/api/v1/lessons?date=2026-08-06 - Ok @ 4/8/2026, 07:54:23
